---
source: crates/mdbookkit/tests/link_forever.rs
expression: report
---
  info: path to a file under source control, rewritten as a permalink
    ╭─[crates/mdbookkit/tests/tests/link-forever.md:3:1]
  2 │ 
  3 │ [Cargo.toml](../../../../Cargo.toml)
    · ──────────────────┬─────────────────
    ·                   ╰── https://github.com/lorem/ipsum/tree/dolor/Cargo.toml
  4 │ 
  5 │ ![error reporting](../../../../docs/src/rustdoc-link/media/error-reporting.png)
    · ───────────────────────────────────────┬───────────────────────────────────────
    ·                                        ╰── https://github.com/lorem/ipsum/tree/dolor/docs/src/rustdoc-link/media/error-reporting.png
  6 │ 
  7 │ # absolute paths
  8 │ 
  9 │ [LICENSE-APACHE.md](/LICENSE-APACHE.md)
    · ───────────────────┬───────────────────
    ·                    ╰── https://github.com/lorem/ipsum/tree/dolor/LICENSE-APACHE.md
 10 │ 
    ╰────
