---
source: crates/mdbookkit/tests/link_forever.rs
expression: report
---
  info: link converted to permalink
    ╭─[crates/mdbookkit/tests/tests/link-forever.md:3:1]
    │ 
    │ [Cargo.toml](../../../../Cargo.toml)
    · ──────────────────┬─────────────────
    ·                   ╰── link: https://github.com/lorem/ipsum/tree/dolor/Cargo.toml
    │ 
    │ ![error reporting](../../../../docs/src/rustdoc-link/media/error-reporting.png)
    · ───────────────────────────────────────┬───────────────────────────────────────
    ·                                        ╰── link: https://github.com/lorem/ipsum/tree/dolor/docs/src/rustdoc-link/media/error-reporting.png
    │ 
    │ # absolute paths
    │ 
    │ [LICENSE-APACHE.md](/LICENSE-APACHE.md)
    · ───────────────────┬───────────────────
    ·                    ╰── link: https://github.com/lorem/ipsum/tree/dolor/LICENSE-APACHE.md
    │ 
    ╰────
    ╭─[crates/mdbookkit/tests/tests/link-forever.md:69:1]
    │ 
    │ [permalink](https://github.com/lorem/ipsum/tree/HEAD/LICENSE-APACHE.md)
    · ───────────────────────────────────┬───────────────────────────────────
    ·                                    ╰── link: https://github.com/lorem/ipsum/tree/dolor/LICENSE-APACHE.md
    │ 
    ╰────
