---
source: crates/mdbookkit/tests/link_forever.rs
expression: report
---

