---
source: crates/mdbookkit/tests/link_forever.rs
expression: report
---
  info: urls ignored
    ╭─[crates/mdbookkit/tests/tests/link-forever.md:17:1]
 16 │ 
 17 │ <https://commons.wikimedia.org/wiki/File:Macaca_nigra_self-portrait_large.jpg>
    · ──────────────────────────────────────────────────────────────────────────────
 18 │ 
    ╰────
    ╭─[crates/mdbookkit/tests/tests/link-forever.md:41:13]
 40 │ 
 41 │ ## Heading: <https://räksmörgås.josefsson.org/>
    ·             ───────────────────────────────────
    ╰────

  info: paths under src/
    ╭─[crates/mdbookkit/tests/tests/link-forever.md:11:1]
 10 │ 
 11 │ [Known quirks](./ra-known-quirks.md)
    · ────────────────────────────────────
 12 │ 
 13 │ [link_forever.rs](../link_forever.rs)
    · ─────────────────────────────────────
 14 │ 
 15 │ ![selfie](Macaca_nigra_self-portrait_large.jpg)
    · ───────────────────────────────────────────────
 16 │ 
 17 │ <https://commons.wikimedia.org/wiki/File:Macaca_nigra_self-portrait_large.jpg>
 18 │ 
 19 │ # Fragments
 20 │ 
 21 │ [Fragments](./link-forever.md#fragments)
    · ────────────────────────────────────────
 22 │ 
 23 │ [Heading 1](./link-forever.md#heading-sqrt3x-11x2)
    · ──────────────────────────────────────────────────
 24 │ 
 25 │ [Heading 2](./link-forever.md#heading-httpsräksmörgåsjosefssonorg)
    · ──────────────────────────────────────────────────────────────────
 26 │ 
 27 │ [macro_export](./ra-known-quirks.md#macro_export)
    · ─────────────────────────────────────────────────
 28 │ 
    ╰────

  info: links converted to permalinks
   ╭─[crates/mdbookkit/tests/tests/link-forever.md:3:1]
 2 │ 
 3 │ [Cargo.toml](../../Cargo.toml)
   · ───────────────┬──────────────
   ·                ╰── https://github.com/lorem/ipsum/tree/dolor/crates/mdbookkit/Cargo.toml
 4 │ 
 5 │ [src/lib.rs](../../src/lib.rs)
   · ───────────────┬──────────────
   ·                ╰── https://github.com/lorem/ipsum/tree/dolor/crates/mdbookkit/src/lib.rs
 6 │ 
 7 │ ![error reporting](../../../../docs/src/rustdoc-link/media/error-reporting.png)
   · ───────────────────────────────────────┬───────────────────────────────────────
   ·                                        ╰── https://github.com/lorem/ipsum/tree/dolor/docs/src/rustdoc-link/media/error-reporting.png
 8 │ 
   ╰────

  warning: paths not found
    ╭─[crates/mdbookkit/tests/tests/link-forever.md:31:1]
 30 │ 
 31 │ [Cargo.lock](../../Cargo.lock)
    · ───────────────┬──────────────
    ·                ╰── file crates/mdbookkit/Cargo.lock does not exist
 32 │ 
 33 │ ![shinjuku.jpg](shinjuku.jpg)
    · ──────────────┬──────────────
    ·               ╰── file crates/mdbookkit/tests/tests/shinjuku.jpg does not exist
 34 │ 
    ╰────

  warning: no such fragments
    ╭─[crates/mdbookkit/tests/tests/link-forever.md:37:1]
 36 │ 
 37 │ [associated items](../tests/ra-known-quirks.md#associated_items_on_primitive_types)
    · ─────────────────────────────────────────┬─────────────────────────────────────────
    ·                                          ╰── #associated_items_on_primitive_types not found in file crates/mdbookkit/tests/tests/ra-known-quirks.md
 38 │ 
    ╰────
