---
source: crates/mdbookkit/tests/link_forever.rs
expression: output
---
# primitive types resolved to nightly

- [u8]
- [u32]
- [f64]
- [char]
- [str]

# associated items on primitive types

- [str::parse]
- [f64::MIN_POSITIVE]

# macro_export

- [std::vec!]
- [std::format!]
- [tokio::main!]
